// Jest Snapshot v1, https://goo.gl/fbAQLP

exports[`renders name 1`] = `ShallowWrapper {}`;
